// Jest Snapshot v1, https://goo.gl/fbAQLP

exports[`Hero should always render the same markup 1`] = `[Function]`;
